2026-09-22 11:16:16.946: [INFO] CurrentProfilePath: C:\Users\joseg\OneDrive\Desktop\OPTATIVA\optativa1\.metadata\.plugins\org.eclipse.swt\EBWebView\Default
2026-09-22 11:16:16.946: [INFO] Profiles total count: 1
2026-09-22 11:16:16.946: [INFO] Profile: name=Perfil 1 path=C:\Users\joseg\OneDrive\Desktop\OPTATIVA\optativa1\.metadata\.plugins\org.eclipse.swt\EBWebView\Default lastActive=null
2026-09-22 11:16:16.946: [INFO] LastUsedProfileDir: C:\Users\joseg\OneDrive\Desktop\OPTATIVA\optativa1\.metadata\.plugins\org.eclipse.swt\EBWebView\Default
2026-09-22 11:16:16.946: [INFO] OnDoneLoading sync enabled: 0
2026-09-22 11:16:16.946: [INFO] BookmarkModelLoaded, ids_reassigned: 0
2026-09-22 11:16:16.946: [INFO] BookmarksLoadDropped droppedNodes=0
2026-09-22 11:16:16.946: [INFO] BookmarksSnapshot Startup total=0 bar=0 other=0 mobile=0 showBar=0 showBarNTP=1
2026-09-22 11:16:26.669: [INFO] BookmarksSnapshot Shutdown total=0 bar=0 other=0 mobile=0 showBar=0 showBarNTP=1
2026-09-22 11:16:27.112: [INFO] CurrentProfilePath: C:\Users\joseg\OneDrive\Desktop\OPTATIVA\optativa1\.metadata\.plugins\org.eclipse.swt\EBWebView\Default
2026-09-22 11:16:27.112: [INFO] Profiles total count: 1
2026-09-22 11:16:27.113: [INFO] Profile: name=Perfil 1 path=C:\Users\joseg\OneDrive\Desktop\OPTATIVA\optativa1\.metadata\.plugins\org.eclipse.swt\EBWebView\Default lastActive=2026-09-22T11:16:21.417Z
2026-09-22 11:16:27.113: [INFO] LastUsedProfileDir: C:\Users\joseg\OneDrive\Desktop\OPTATIVA\optativa1\.metadata\.plugins\org.eclipse.swt\EBWebView\Default
2026-09-22 11:16:27.113: [INFO] MostRecentlyActiveProfile: name=Perfil 1 path=C:\Users\joseg\OneDrive\Desktop\OPTATIVA\optativa1\.metadata\.plugins\org.eclipse.swt\EBWebView\Default lastActive=2026-09-22T11:16:21.417Z
2026-09-22 11:16:27.113: [INFO] OnDoneLoading sync enabled: 0
2026-09-22 11:16:27.113: [INFO] BookmarkModelLoaded, ids_reassigned: 0
2026-09-22 11:16:27.113: [INFO] BookmarksLoadDropped droppedNodes=0
2026-09-22 11:16:27.113: [INFO] BookmarksSnapshot Startup total=0 bar=0 other=0 mobile=0 showBar=0 showBarNTP=1
2026-09-22 11:22:04.766: [INFO] BookmarksSnapshot Shutdown total=0 bar=0 other=0 mobile=0 showBar=0 showBarNTP=1
2026-09-22 11:22:27.581: [INFO] CurrentProfilePath: C:\Users\joseg\OneDrive\Desktop\OPTATIVA\optativa1\.metadata\.plugins\org.eclipse.swt\EBWebView\Default
2026-09-22 11:22:27.581: [INFO] Profiles total count: 1
2026-09-22 11:22:27.581: [INFO] Profile: name=Perfil 1 path=C:\Users\joseg\OneDrive\Desktop\OPTATIVA\optativa1\.metadata\.plugins\org.eclipse.swt\EBWebView\Default lastActive=2026-09-22T11:22:04.581Z
2026-09-22 11:22:27.581: [INFO] LastUsedProfileDir: C:\Users\joseg\OneDrive\Desktop\OPTATIVA\optativa1\.metadata\.plugins\org.eclipse.swt\EBWebView\Default
2026-09-22 11:22:27.581: [INFO] MostRecentlyActiveProfile: name=Perfil 1 path=C:\Users\joseg\OneDrive\Desktop\OPTATIVA\optativa1\.metadata\.plugins\org.eclipse.swt\EBWebView\Default lastActive=2026-09-22T11:22:04.581Z
2026-09-22 11:22:27.581: [INFO] OnDoneLoading sync enabled: 0
2026-09-22 11:22:27.581: [INFO] BookmarkModelLoaded, ids_reassigned: 0
2026-09-22 11:22:27.581: [INFO] BookmarksLoadDropped droppedNodes=0
2026-09-22 11:22:27.581: [INFO] BookmarksSnapshot Startup total=0 bar=0 other=0 mobile=0 showBar=0 showBarNTP=1
2026-09-22 11:24:39.551: [INFO] BookmarksSnapshot Shutdown total=0 bar=0 other=0 mobile=0 showBar=0 showBarNTP=1
2026-09-22 11:25:03.322: [INFO] CurrentProfilePath: C:\Users\joseg\OneDrive\Desktop\OPTATIVA\optativa1\.metadata\.plugins\org.eclipse.swt\EBWebView\Default
2026-09-22 11:25:03.322: [INFO] Profiles total count: 1
2026-09-22 11:25:03.322: [INFO] Profile: name=Perfil 1 path=C:\Users\joseg\OneDrive\Desktop\OPTATIVA\optativa1\.metadata\.plugins\org.eclipse.swt\EBWebView\Default lastActive=2026-09-22T11:22:55.782Z
2026-09-22 11:25:03.322: [INFO] LastUsedProfileDir: C:\Users\joseg\OneDrive\Desktop\OPTATIVA\optativa1\.metadata\.plugins\org.eclipse.swt\EBWebView\Default
2026-09-22 11:25:03.322: [INFO] MostRecentlyActiveProfile: name=Perfil 1 path=C:\Users\joseg\OneDrive\Desktop\OPTATIVA\optativa1\.metadata\.plugins\org.eclipse.swt\EBWebView\Default lastActive=2026-09-22T11:22:55.782Z
2026-09-22 11:25:03.322: [INFO] OnDoneLoading sync enabled: 0
2026-09-22 11:25:03.322: [INFO] BookmarkModelLoaded, ids_reassigned: 0
2026-09-22 11:25:03.322: [INFO] BookmarksLoadDropped droppedNodes=0
2026-09-22 11:25:03.322: [INFO] BookmarksSnapshot Startup total=0 bar=0 other=0 mobile=0 showBar=0 showBarNTP=1
2026-09-22 11:36:35.476: [INFO] CurrentProfilePath: C:\Users\joseg\OneDrive\Desktop\OPTATIVA\optativa1\.metadata\.plugins\org.eclipse.swt\EBWebView\Default
2026-09-22 11:36:35.476: [INFO] Profiles total count: 1
2026-09-22 11:36:35.476: [INFO] Profile: name=Perfil 1 path=C:\Users\joseg\OneDrive\Desktop\OPTATIVA\optativa1\.metadata\.plugins\org.eclipse.swt\EBWebView\Default lastActive=2026-09-22T11:22:55.782Z
2026-09-22 11:36:35.476: [INFO] LastUsedProfileDir: C:\Users\joseg\OneDrive\Desktop\OPTATIVA\optativa1\.metadata\.plugins\org.eclipse.swt\EBWebView\Default
2026-09-22 11:36:35.476: [INFO] MostRecentlyActiveProfile: name=Perfil 1 path=C:\Users\joseg\OneDrive\Desktop\OPTATIVA\optativa1\.metadata\.plugins\org.eclipse.swt\EBWebView\Default lastActive=2026-09-22T11:22:55.782Z
2026-09-22 11:36:35.476: [INFO] OnDoneLoading sync enabled: 0
2026-09-22 11:36:35.476: [INFO] BookmarkModelLoaded, ids_reassigned: 0
2026-09-22 11:36:35.476: [INFO] BookmarksLoadDropped droppedNodes=0
2026-09-22 11:36:35.476: [INFO] BookmarksSnapshot Startup total=0 bar=0 other=0 mobile=0 showBar=0 showBarNTP=1
2026-09-22 11:46:46.257: [INFO] BookmarksSnapshot Shutdown total=0 bar=0 other=0 mobile=0 showBar=0 showBarNTP=1
2026-09-23 07:22:46.186: [INFO] CurrentProfilePath: C:\Users\joseg\OneDrive\Desktop\OPTATIVA\optativa1\.metadata\.plugins\org.eclipse.swt\EBWebView\Default
2026-09-23 07:22:46.186: [INFO] Profiles total count: 1
2026-09-23 07:22:46.186: [INFO] Profile: name=Perfil 1 path=C:\Users\joseg\OneDrive\Desktop\OPTATIVA\optativa1\.metadata\.plugins\org.eclipse.swt\EBWebView\Default lastActive=2026-09-22T11:39:15.643Z
2026-09-23 07:22:46.186: [INFO] LastUsedProfileDir: C:\Users\joseg\OneDrive\Desktop\OPTATIVA\optativa1\.metadata\.plugins\org.eclipse.swt\EBWebView\Default
2026-09-23 07:22:46.186: [INFO] MostRecentlyActiveProfile: name=Perfil 1 path=C:\Users\joseg\OneDrive\Desktop\OPTATIVA\optativa1\.metadata\.plugins\org.eclipse.swt\EBWebView\Default lastActive=2026-09-22T11:39:15.643Z
2026-09-23 07:22:46.186: [INFO] OnDoneLoading sync enabled: 0
2026-09-23 07:22:46.186: [INFO] BookmarkModelLoaded, ids_reassigned: 0
2026-09-23 07:22:46.186: [INFO] BookmarksLoadDropped droppedNodes=0
2026-09-23 07:22:46.186: [INFO] BookmarksSnapshot Startup total=0 bar=0 other=0 mobile=0 showBar=0 showBarNTP=1
2026-09-28 08:22:04.471: [INFO] CurrentProfilePath: C:\Users\joseg\OneDrive\Desktop\OPTATIVA\optativa1\.metadata\.plugins\org.eclipse.swt\EBWebView\Default
2026-09-28 08:22:04.471: [INFO] Profiles total count: 1
2026-09-28 08:22:04.471: [INFO] Profile: name=Perfil 1 path=C:\Users\joseg\OneDrive\Desktop\OPTATIVA\optativa1\.metadata\.plugins\org.eclipse.swt\EBWebView\Default lastActive=2026-09-23T07:22:50.951Z
2026-09-28 08:22:04.471: [INFO] LastUsedProfileDir: C:\Users\joseg\OneDrive\Desktop\OPTATIVA\optativa1\.metadata\.plugins\org.eclipse.swt\EBWebView\Default
2026-09-28 08:22:04.471: [INFO] MostRecentlyActiveProfile: name=Perfil 1 path=C:\Users\joseg\OneDrive\Desktop\OPTATIVA\optativa1\.metadata\.plugins\org.eclipse.swt\EBWebView\Default lastActive=2026-09-23T07:22:50.951Z
2026-09-28 08:22:04.471: [INFO] OnDoneLoading sync enabled: 0
2026-09-28 08:22:04.471: [INFO] BookmarkModelLoaded, ids_reassigned: 0
2026-09-28 08:22:04.471: [INFO] BookmarksLoadDropped droppedNodes=0
2026-09-28 08:22:04.471: [INFO] BookmarksSnapshot Startup total=0 bar=0 other=0 mobile=0 showBar=0 showBarNTP=1
2026-09-28 09:50:41.715: [INFO] BookmarksSnapshot Shutdown total=0 bar=0 other=0 mobile=0 showBar=0 showBarNTP=1
2026-09-29 10:55:11.761: [INFO] CurrentProfilePath: C:\Users\joseg\OneDrive\Desktop\OPTATIVA\optativa1\.metadata\.plugins\org.eclipse.swt\EBWebView\Default
2026-09-29 10:55:11.761: [INFO] Profiles total count: 1
2026-09-29 10:55:11.763: [INFO] Profile: name=Perfil 1 path=C:\Users\joseg\OneDrive\Desktop\OPTATIVA\optativa1\.metadata\.plugins\org.eclipse.swt\EBWebView\Default lastActive=2026-09-28T08:22:18.348Z
2026-09-29 10:55:11.763: [INFO] LastUsedProfileDir: C:\Users\joseg\OneDrive\Desktop\OPTATIVA\optativa1\.metadata\.plugins\org.eclipse.swt\EBWebView\Default
2026-09-29 10:55:11.763: [INFO] MostRecentlyActiveProfile: name=Perfil 1 path=C:\Users\joseg\OneDrive\Desktop\OPTATIVA\optativa1\.metadata\.plugins\org.eclipse.swt\EBWebView\Default lastActive=2026-09-28T08:22:18.348Z
2026-09-29 10:55:11.763: [INFO] OnDoneLoading sync enabled: 0
2026-09-29 10:55:11.763: [INFO] BookmarkModelLoaded, ids_reassigned: 0
2026-09-29 10:55:11.763: [INFO] BookmarksLoadDropped droppedNodes=0
2026-09-29 10:55:11.763: [INFO] BookmarksSnapshot Startup total=0 bar=0 other=0 mobile=0 showBar=0 showBarNTP=1
2026-09-29 11:50:39.740: [INFO] CurrentProfilePath: C:\Users\joseg\OneDrive\Desktop\OPTATIVA\optativa1\.metadata\.plugins\org.eclipse.swt\EBWebView\Default
2026-09-29 11:50:39.740: [INFO] Profiles total count: 1
2026-09-29 11:50:39.740: [INFO] Profile: name=Perfil 1 path=C:\Users\joseg\OneDrive\Desktop\OPTATIVA\optativa1\.metadata\.plugins\org.eclipse.swt\EBWebView\Default lastActive=2026-09-29T10:59:36.881Z
2026-09-29 11:50:39.740: [INFO] LastUsedProfileDir: C:\Users\joseg\OneDrive\Desktop\OPTATIVA\optativa1\.metadata\.plugins\org.eclipse.swt\EBWebView\Default
2026-09-29 11:50:39.740: [INFO] MostRecentlyActiveProfile: name=Perfil 1 path=C:\Users\joseg\OneDrive\Desktop\OPTATIVA\optativa1\.metadata\.plugins\org.eclipse.swt\EBWebView\Default lastActive=2026-09-29T10:59:36.881Z
2026-09-29 11:50:39.740: [INFO] OnDoneLoading sync enabled: 0
2026-09-29 11:50:39.740: [INFO] BookmarkModelLoaded, ids_reassigned: 0
2026-09-29 11:50:39.740: [INFO] BookmarksLoadDropped droppedNodes=0
2026-09-29 11:50:39.740: [INFO] BookmarksSnapshot Startup total=0 bar=0 other=0 mobile=0 showBar=0 showBarNTP=1
2026-09-29 11:52:56.334: [INFO] BookmarksSnapshot Shutdown total=0 bar=0 other=0 mobile=0 showBar=0 showBarNTP=1
2026-09-30 07:33:35.460: [INFO] CurrentProfilePath: C:\Users\joseg\OneDrive\Desktop\OPTATIVA\optativa1\.metadata\.plugins\org.eclipse.swt\EBWebView\Default
2026-09-30 07:33:35.460: [INFO] Profiles total count: 1
2026-09-30 07:33:35.460: [INFO] Profile: name=Perfil 1 path=C:\Users\joseg\OneDrive\Desktop\OPTATIVA\optativa1\.metadata\.plugins\org.eclipse.swt\EBWebView\Default lastActive=2026-09-29T10:59:36.881Z
2026-09-30 07:33:35.460: [INFO] LastUsedProfileDir: C:\Users\joseg\OneDrive\Desktop\OPTATIVA\optativa1\.metadata\.plugins\org.eclipse.swt\EBWebView\Default
2026-09-30 07:33:35.460: [INFO] MostRecentlyActiveProfile: name=Perfil 1 path=C:\Users\joseg\OneDrive\Desktop\OPTATIVA\optativa1\.metadata\.plugins\org.eclipse.swt\EBWebView\Default lastActive=2026-09-29T10:59:36.881Z
2026-09-30 07:33:35.460: [INFO] OnDoneLoading sync enabled: 0
2026-09-30 07:33:35.460: [INFO] BookmarkModelLoaded, ids_reassigned: 0
2026-09-30 07:33:35.460: [INFO] BookmarksLoadDropped droppedNodes=0
2026-09-30 07:33:35.460: [INFO] BookmarksSnapshot Startup total=0 bar=0 other=0 mobile=0 showBar=0 showBarNTP=1
2026-09-30 08:15:59.965: [INFO] BookmarksSnapshot Shutdown total=0 bar=0 other=0 mobile=0 showBar=0 showBarNTP=1
2026-10-05 08:21:23.689: [INFO] CurrentProfilePath: C:\Users\joseg\OneDrive\Desktop\OPTATIVA\optativa1\.metadata\.plugins\org.eclipse.swt\EBWebView\Default
2026-10-05 08:21:23.689: [INFO] Profiles total count: 1
2026-10-05 08:21:23.690: [INFO] Profile: name=Perfil 1 path=C:\Users\joseg\OneDrive\Desktop\OPTATIVA\optativa1\.metadata\.plugins\org.eclipse.swt\EBWebView\Default lastActive=2026-09-30T07:34:06.336Z
2026-10-05 08:21:23.690: [INFO] LastUsedProfileDir: C:\Users\joseg\OneDrive\Desktop\OPTATIVA\optativa1\.metadata\.plugins\org.eclipse.swt\EBWebView\Default
2026-10-05 08:21:23.690: [INFO] MostRecentlyActiveProfile: name=Perfil 1 path=C:\Users\joseg\OneDrive\Desktop\OPTATIVA\optativa1\.metadata\.plugins\org.eclipse.swt\EBWebView\Default lastActive=2026-09-30T07:34:06.336Z
2026-10-05 08:21:23.690: [INFO] OnDoneLoading sync enabled: 0
2026-10-05 08:21:23.690: [INFO] BookmarkModelLoaded, ids_reassigned: 0
2026-10-05 08:21:23.690: [INFO] BookmarksLoadDropped droppedNodes=0
2026-10-05 08:21:23.690: [INFO] BookmarksSnapshot Startup total=0 bar=0 other=0 mobile=0 showBar=0 showBarNTP=1
2026-10-05 09:14:10.178: [INFO] BookmarksSnapshot Shutdown total=0 bar=0 other=0 mobile=0 showBar=0 showBarNTP=1
