{"logTime": "0922/111616", "level": "INFO", "message": "UserPrefStore loaded: error=NO_FILE (6)"}
{"logTime": "0922/111627", "level": "INFO", "message": "UserPrefStore loaded: error=NONE (0)"}
{"logTime": "0922/112227", "level": "INFO", "message": "UserPrefStore loaded: error=NONE (0)"}
{"logTime": "0922/112503", "level": "INFO", "message": "UserPrefStore loaded: error=NONE (0)"}
{"logTime": "0922/113635", "level": "INFO", "message": "UserPrefStore loaded: error=NONE (0)"}
{"logTime": "0923/072246", "level": "INFO", "message": "UserPrefStore loaded: error=NONE (0)"}
{"logTime": "0928/082204", "level": "INFO", "message": "UserPrefStore loaded: error=NONE (0)"}
{"logTime": "0929/105511", "level": "INFO", "message": "UserPrefStore loaded: error=NONE (0)"}
{"logTime": "0929/105511", "level": "INFO", "message": "Preference changed: name=extensions.last_chrome_version, new_value=\"154.0.4258.37\", source=unknown"}
{"logTime": "0929/105511", "level": "INFO", "message": "Preference changed: name=gaia_cookie.periodic_report_time_2, new_value=\"13435152911736426\", source=unknown"}
{"logTime": "0929/105511", "level": "INFO", "message": "Preference changed: name=optimization_guide.previously_registered_optimization_types, new_value=[object], source=unknown"}
{"logTime": "0929/105511", "level": "INFO", "message": "Preference changed: name=extensions.chrome_url_overrides, new_value=[object], source=unknown"}
{"logTime": "0929/105511", "level": "INFO", "message": "Preference changed: name=sessions.session_data_status, new_value=1, source=unknown"}
{"logTime": "0929/105511", "level": "INFO", "message": "Preference changed: name=sessions.event_log, new_value=[object], source=unknown"}
{"logTime": "0929/105511", "level": "INFO", "message": "Preference changed: name=optimization_guide.previously_registered_optimization_types, new_value=[object], source=unknown"}
{"logTime": "0929/105511", "level": "INFO", "message": "Preference changed: name=optimization_guide.previously_registered_optimization_types, new_value=[object], source=unknown"}
{"logTime": "0929/105511", "level": "INFO", "message": "Preference changed: name=optimization_guide.previously_registered_optimization_types, new_value=[object], source=unknown"}
{"logTime": "0929/105511", "level": "INFO", "message": "Preference changed: name=optimization_guide.previously_registered_optimization_types, new_value=[object], source=unknown"}
{"logTime": "0929/105511", "level": "INFO", "message": "Preference changed: name=optimization_guide.previously_registered_optimization_types, new_value=[object], source=unknown"}
{"logTime": "0929/105511", "level": "INFO", "message": "Preference changed: name=profile.network_pbs, new_value=[object], source=unknown"}
{"logTime": "0929/105511", "level": "INFO", "message": "Preference changed: name=extensions.settings, new_value=[object], source=unknown"}
{"logTime": "0929/105511", "level": "INFO", "message": "Preference changed: name=extensions.settings, new_value=[object], source=unknown"}
{"logTime": "0929/105511", "level": "INFO", "message": "Preference changed: name=profile.password_hash_data_list, new_value=[object], source=unknown"}
{"logTime": "0929/105511", "level": "INFO", "message": "Preference changed: name=schedule_to_flush_to_disk, new_value=\"13435152911760300\", source=unknown"}
{"logTime": "0929/105511", "level": "INFO", "message": "Preference changed: name=schedule_to_flush_to_disk, new_value=\"13435152911761056\", source=unknown"}
{"logTime": "0929/105511", "level": "INFO", "message": "Preference changed: name=muid.last_sync, new_value=\"13435152911761170\", source=unknown"}
{"logTime": "0929/105511", "level": "INFO", "message": "Preference changed: name=bookmark.storage_computation_last_update, new_value=\"13435152911761373\", source=unknown"}
{"logTime": "0929/105511", "level": "INFO", "message": "Preference changed: name=commerce_daily_metrics_last_update_time, new_value=\"13435152911764025\", source=unknown"}
{"logTime": "0929/105511", "level": "INFO", "message": "Preference changed: name=extensions.chrome_url_overrides, new_value=[object], source=unknown"}
{"logTime": "0929/105511", "level": "INFO", "message": "Preference changed: name=edge.services.signin_scoped_device_id, new_value=\"c5b6c4e1-a4ae-47d1-a37e-07741c38b019\", source=unknown"}
{"logTime": "0929/105511", "level": "INFO", "message": "Preference changed: name=account_tracker_service_last_update, new_value=\"13435152911765181\", source=unknown"}
{"logTime": "0929/105511", "level": "INFO", "message": "Preference changed: name=autofill.last_version_deduped, new_value=154, source=unknown"}
{"logTime": "0929/105511", "level": "INFO", "message": "Preference changed: name=optimization_guide.previously_registered_optimization_types, new_value=[object], source=unknown"}
{"logTime": "0929/105511", "level": "INFO", "message": "Preference changed: name=autofill.credit_card_enabled, new_value=false, source=unknown"}
{"logTime": "0929/105511", "level": "INFO", "message": "Preference changed: name=enable_edge_collections, new_value=false, source=unknown"}
{"logTime": "0929/105511", "level": "INFO", "message": "Preference changed: name=resolve_navigation_errors_use_web_service.enabled, new_value=false, source=unknown"}
{"logTime": "0929/105511", "level": "INFO", "message": "Preference changed: name=alternate_error_pages.enabled, new_value=false, source=unknown"}
{"logTime": "0929/105511", "level": "INFO", "message": "Preference changed: name=optimization_guide.previously_registered_optimization_types, new_value=[object], source=unknown"}
{"logTime": "0929/105511", "level": "INFO", "message": "Preference changed: name=in_product_help.session_start_time, new_value=\"13435152911831971\", source=unknown"}
{"logTime": "0929/105511", "level": "INFO", "message": "Preference changed: name=in_product_help.session_number, new_value=5, source=unknown"}
{"logTime": "0929/105511", "level": "INFO", "message": "Preference changed: name=in_product_help.session_last_active_time, new_value=\"13435152911831971\", source=unknown"}
{"logTime": "0929/105511", "level": "INFO", "message": "Preference changed: name=in_product_help.recent_session_start_times, new_value=[object], source=unknown"}
{"logTime": "0929/105511", "level": "INFO", "message": "Preference changed: name=optimization_guide.previously_registered_optimization_types, new_value=[object], source=unknown"}
{"logTime": "0929/105511", "level": "INFO", "message": "Preference changed: name=profile.content_settings.exceptions.storage_access_header_origin_trial, new_value=[object], source=unknown"}
{"logTime": "0929/105511", "level": "INFO", "message": "Preference changed: name=autocomplete.retention_policy_last_version, new_value=154, source=unknown"}
{"logTime": "0929/105511", "level": "INFO", "message": "Preference changed: name=profile.content_settings.exceptions.site_engagement, new_value=[object], source=unknown"}
{"logTime": "0929/105511", "level": "INFO", "message": "Preference changed: name=profile.last_engagement_time, new_value=\"13435124111953978\", source=unknown"}
{"logTime": "0929/105512", "level": "INFO", "message": "Preference changed: name=edge_rewards.coachmark_promotions, new_value=[object], source=unknown"}
{"logTime": "0929/105512", "level": "INFO", "message": "Preference changed: name=edge_rewards.hva_promotions, new_value=[object], source=unknown"}
{"logTime": "0929/105512", "level": "INFO", "message": "Preference changed: name=fsd.retention_policy_last_version, new_value=154, source=unknown"}
{"logTime": "0929/105512", "level": "INFO", "message": "Preference changed: name=profile.content_settings.exceptions.site_engagement, new_value=[object], source=unknown"}
{"logTime": "0929/105512", "level": "INFO", "message": "Preference changed: name=profile.last_engagement_time, new_value=\"13435152912346352\", source=unknown"}
{"logTime": "0929/105512", "level": "INFO", "message": "Preference changed: name=profile.content_settings.exceptions.site_engagement, new_value=[object], source=unknown"}
{"logTime": "0929/105512", "level": "INFO", "message": "Preference changed: name=profile.last_engagement_time, new_value=\"13435152912350158\", source=unknown"}
{"logTime": "0929/105512", "level": "INFO", "message": "Preference changed: name=language_model_counters, new_value=[object], source=unknown"}
{"logTime": "0929/105521", "level": "INFO", "message": "PrefStore write completed: store=4, success=true"}
{"logTime": "0929/105521", "level": "INFO", "message": "PrefStore write completed: store=4, success=true"}
{"logTime": "0929/105521", "level": "INFO", "message": "Preference changed: name=edge.bookmarks.last_dup_info_record_time, new_value=\"13435152921774458\", source=unknown"}
{"logTime": "0929/105531", "level": "INFO", "message": "PrefStore write completed: store=4, success=true"}
{"logTime": "0929/105541", "level": "INFO", "message": "Preference changed: name=profile.last_time_password_store_metrics_reported, new_value=1790679341.744259, source=unknown"}
{"logTime": "0929/105541", "level": "INFO", "message": "Preference changed: name=edge_wallet.passwords.password_lost_report_date, new_value=\"13435152941744466\", source=unknown"}
{"logTime": "0929/105551", "level": "INFO", "message": "PrefStore write completed: store=4, success=true"}
{"logTime": "0929/105936", "level": "INFO", "message": "Preference changed: name=profile.content_settings.exceptions.site_engagement, new_value=[object], source=unknown"}
{"logTime": "0929/105936", "level": "INFO", "message": "Preference changed: name=profile.last_engagement_time, new_value=\"13435153176884571\", source=unknown"}
{"logTime": "0929/105941", "level": "INFO", "message": "Preference changed: name=profile.observed_session_time, new_value=[object], source=unknown"}
{"logTime": "0929/105951", "level": "INFO", "message": "PrefStore write completed: store=4, success=true"}
{"logTime": "0929/113314", "level": "INFO", "message": "Preference changed: name=sessions.event_log, new_value=[object], source=unknown"}
{"logTime": "0929/113315", "level": "INFO", "message": "Preference changed: name=language_model_counters, new_value=[object], source=unknown"}
{"logTime": "0929/113324", "level": "INFO", "message": "PrefStore write completed: store=4, success=true"}
{"logTime": "0929/114008", "level": "INFO", "message": "Preference changed: name=language_model_counters, new_value=[object], source=unknown"}
{"logTime": "0929/114012", "level": "INFO", "message": "Preference changed: name=language_dwell_time_average, new_value=[object], source=unknown"}
{"logTime": "0929/114012", "level": "INFO", "message": "Preference changed: name=language_usage_count, new_value=[object], source=unknown"}
{"logTime": "0929/114022", "level": "INFO", "message": "PrefStore write completed: store=4, success=true"}
{"logTime": "0929/114110", "level": "INFO", "message": "Preference changed: name=language_model_counters, new_value=[object], source=unknown"}
{"logTime": "0929/115039", "level": "INFO", "message": "UserPrefStore loaded: error=NONE (0)"}
{"logTime": "0929/115039", "level": "INFO", "message": "Preference changed: name=optimization_guide.previously_registered_optimization_types, new_value=[object], source=unknown"}
{"logTime": "0929/115039", "level": "INFO", "message": "Preference changed: name=extensions.chrome_url_overrides, new_value=[object], source=unknown"}
{"logTime": "0929/115039", "level": "INFO", "message": "Preference changed: name=sessions.event_log, new_value=[object], source=unknown"}
{"logTime": "0929/115039", "level": "INFO", "message": "Preference changed: name=optimization_guide.previously_registered_optimization_types, new_value=[object], source=unknown"}
{"logTime": "0929/115039", "level": "INFO", "message": "Preference changed: name=optimization_guide.previously_registered_optimization_types, new_value=[object], source=unknown"}
{"logTime": "0929/115039", "level": "INFO", "message": "Preference changed: name=optimization_guide.previously_registered_optimization_types, new_value=[object], source=unknown"}
{"logTime": "0929/115039", "level": "INFO", "message": "Preference changed: name=optimization_guide.previously_registered_optimization_types, new_value=[object], source=unknown"}
{"logTime": "0929/115039", "level": "INFO", "message": "Preference changed: name=optimization_guide.previously_registered_optimization_types, new_value=[object], source=unknown"}
{"logTime": "0929/115039", "level": "INFO", "message": "Preference changed: name=profile.network_pbs, new_value=[object], source=unknown"}
{"logTime": "0929/115039", "level": "INFO", "message": "Preference changed: name=profile.password_hash_data_list, new_value=[object], source=unknown"}
{"logTime": "0929/115039", "level": "INFO", "message": "Preference changed: name=schedule_to_flush_to_disk, new_value=\"13435156239739143\", source=unknown"}
{"logTime": "0929/115039", "level": "INFO", "message": "Preference changed: name=schedule_to_flush_to_disk, new_value=\"13435156239740137\", source=unknown"}
{"logTime": "0929/115039", "level": "INFO", "message": "Preference changed: name=edge.services.signin_scoped_device_id, new_value=\"6fc5d641-685b-40b8-bf46-9b6d74092dee\", source=unknown"}
{"logTime": "0929/115039", "level": "INFO", "message": "Preference changed: name=optimization_guide.previously_registered_optimization_types, new_value=[object], source=unknown"}
{"logTime": "0929/115039", "level": "INFO", "message": "Preference changed: name=extensions.chrome_url_overrides, new_value=[object], source=unknown"}
{"logTime": "0929/115039", "level": "INFO", "message": "Preference changed: name=autofill.credit_card_enabled, new_value=false, source=unknown"}
{"logTime": "0929/115039", "level": "INFO", "message": "Preference changed: name=enable_edge_collections, new_value=false, source=unknown"}
{"logTime": "0929/115039", "level": "INFO", "message": "Preference changed: name=resolve_navigation_errors_use_web_service.enabled, new_value=false, source=unknown"}
{"logTime": "0929/115039", "level": "INFO", "message": "Preference changed: name=alternate_error_pages.enabled, new_value=false, source=unknown"}
{"logTime": "0929/115039", "level": "INFO", "message": "Preference changed: name=optimization_guide.previously_registered_optimization_types, new_value=[object], source=unknown"}
{"logTime": "0929/115039", "level": "INFO", "message": "Preference changed: name=in_product_help.session_last_active_time, new_value=\"13435156239784275\", source=unknown"}
{"logTime": "0929/115039", "level": "INFO", "message": "Preference changed: name=optimization_guide.previously_registered_optimization_types, new_value=[object], source=unknown"}
{"logTime": "0929/115039", "level": "INFO", "message": "Preference changed: name=profile.content_settings.exceptions.storage_access_header_origin_trial, new_value=[object], source=unknown"}
{"logTime": "0929/115039", "level": "INFO", "message": "Preference changed: name=edge_rewards.refresh_status_muted_until, new_value=\"13435761039898720\", source=unknown"}
{"logTime": "0929/115040", "level": "INFO", "message": "Preference changed: name=profile.content_settings.exceptions.site_engagement, new_value=[object], source=unknown"}
{"logTime": "0929/115040", "level": "INFO", "message": "Preference changed: name=profile.last_engagement_time, new_value=\"13435156240268843\", source=unknown"}
{"logTime": "0929/115040", "level": "INFO", "message": "Preference changed: name=profile.content_settings.exceptions.site_engagement, new_value=[object], source=unknown"}
{"logTime": "0929/115040", "level": "INFO", "message": "Preference changed: name=profile.last_engagement_time, new_value=\"13435156240273198\", source=unknown"}
{"logTime": "0929/115040", "level": "INFO", "message": "Preference changed: name=language_model_counters, new_value=[object], source=unknown"}
{"logTime": "0929/115049", "level": "INFO", "message": "PrefStore write completed: store=4, success=true"}
{"logTime": "0929/115049", "level": "INFO", "message": "PrefStore write completed: store=4, success=true"}
{"logTime": "0929/115148", "level": "INFO", "message": "Preference changed: name=sessions.event_log, new_value=[object], source=unknown"}
{"logTime": "0929/115158", "level": "INFO", "message": "PrefStore write completed: store=4, success=true"}
